==================================================== 
 START 2026-09-02  7:10:01.37 
[main fecdf81] dashboard update
 4 files changed, 28 insertions(+), 5 deletions(-)
 create mode 100644 _deploy.log
 create mode 100644 _register.log
To https://github.com/yongs024/market-daily.git
   164e2df..fecdf81  main -> main
branch 'main' set up to track 'origin/main'.
 pushed OK 
 END   2026-09-02  7:10:05.65 
 
==================================================== 
 START 2026-09-02 16:30:00.93 
warning: in the working copy of '.gitignore', LF will be replaced by CRLF the next time Git touches it
warning: in the working copy of 'README.md', LF will be replaced by CRLF the next time Git touches it
warning: in the working copy of '_deploy.log', LF will be replaced by CRLF the next time Git touches it
warning: in the working copy of 'index.html', LF will be replaced by CRLF the next time Git touches it
[main 1a1f088] dashboard update
 2 files changed, 51 insertions(+), 11 deletions(-)
To https://github.com/yongs024/market-daily.git
   f7e5869..1a1f088  main -> main
branch 'main' set up to track 'origin/main'.
 pushed OK 
 END   2026-09-02 16:30:05.11 
 
==================================================== 
 START 2026-09-03  7:10:01.43 
warning: in the working copy of '_deploy.log', LF will be replaced by CRLF the next time Git touches it
[main 370cb03] dashboard update
 1 file changed, 14 insertions(+)
To https://github.com/yongs024/market-daily.git
   1a1f088..370cb03  main -> main
branch 'main' set up to track 'origin/main'.
 pushed OK 
 END   2026-09-03  7:10:04.94 
 
==================================================== 
 START 2026-09-03 16:30:01.33 
warning: in the working copy of '_deploy.log', LF will be replaced by CRLF the next time Git touches it
warning: in the working copy of 'index.html', LF will be replaced by CRLF the next time Git touches it
[main 35383da] dashboard update
 2 files changed, 50 insertions(+), 10 deletions(-)
To https://github.com/yongs024/market-daily.git
   ecba898..35383da  main -> main
branch 'main' set up to track 'origin/main'.
 pushed OK 
 END   2026-09-03 16:30:05.50 
 
==================================================== 
 START 2026-09-04  7:10:01.49 
warning: in the working copy of '_deploy.log', LF will be replaced by CRLF the next time Git touches it
warning: in the working copy of 'index.html', LF will be replaced by CRLF the next time Git touches it
[main 1a8f3e6] dashboard update
 2 files changed, 69 insertions(+), 95 deletions(-)
To https://github.com/yongs024/market-daily.git
   35383da..1a8f3e6  main -> main
branch 'main' set up to track 'origin/main'.
 pushed OK 
 END   2026-09-04  7:10:05.43 
 
==================================================== 
 START 2026-09-04 16:30:00.47 
